2021-03-11 22:34:55,664:INFO:flipkrat.py:Url hitted
2021-03-11 22:34:55,871:INFO:flipkrat.py:login popup handled
2021-03-11 22:34:56,219:INFO:flipkrat.py:Search begins
2021-03-11 22:34:59,039:INFO:flipkrat.py:Data saved in scrapper file
2021-03-11 22:35:58,120:INFO:flipkrat.py:Url hitted
2021-03-11 22:35:58,315:INFO:flipkrat.py:login popup handled
2021-03-11 22:35:58,591:INFO:flipkrat.py:Search begins
2021-03-11 22:36:01,400:INFO:flipkrat.py:Data saved in scrapper file
2021-03-11 22:36:23,309:INFO:flipkrat.py:Url hitted
2021-03-11 22:36:23,496:INFO:flipkrat.py:login popup handled
2021-03-11 22:36:23,770:INFO:flipkrat.py:Search begins
2021-03-11 22:36:33,418:INFO:flipkrat.py:Url hitted
2021-03-11 22:36:33,647:INFO:flipkrat.py:login popup handled
2021-03-11 22:36:34,002:INFO:flipkrat.py:Search begins
2021-03-11 22:36:36,914:INFO:flipkrat.py:Data saved in scrapper file
2021-03-11 22:37:59,845:INFO:flipkrat.py:Thread run completed
2021-03-12 18:10:07,996:INFO:flipkrat.py:Url hitted
2021-03-12 18:10:08,216:INFO:flipkrat.py:login popup handled
2021-03-12 18:10:08,649:INFO:flipkrat.py:Search begins for Nike
2021-03-12 18:10:15,835:INFO:flipkrat.py:Data saved in scrapper file
2021-03-12 18:21:17,976:INFO:flipkrat.py:Url hitted
2021-03-12 18:21:18,307:INFO:flipkrat.py:login popup handled
2021-03-12 18:21:18,661:INFO:flipkrat.py:Search begins for shorts
2021-03-12 18:21:45,120:INFO:flipkrat.py:Thread run completed
2021-03-12 18:51:46,598:INFO:flipkrat.py:Url hitted
2021-03-12 18:51:46,854:INFO:flipkrat.py:login popup handled
2021-03-12 18:51:47,148:INFO:flipkrat.py:Search begins for Nike
2021-03-12 18:51:52,934:INFO:flipkrat.py:Data saved in scrapper file
2021-03-12 18:59:13,412:INFO:flipkrat.py:Url hitted
2021-03-12 18:59:13,585:INFO:flipkrat.py:login popup handled
2021-03-12 18:59:13,871:INFO:flipkrat.py:Search begins for Nike
2021-03-12 18:59:20,027:INFO:flipkrat.py:Data saved in scrapper file
2021-03-12 19:05:39,138:INFO:flipkrat.py:Url hitted
2021-03-12 19:05:39,293:INFO:flipkrat.py:login popup handled
2021-03-12 19:05:39,627:INFO:flipkrat.py:Search begins for Saree
2021-03-12 19:05:45,435:INFO:flipkrat.py:Data saved in scrapper file
2021-03-12 19:48:30,551:INFO:flipkrat.py:Url hitted
2021-03-12 19:48:32,022:INFO:flipkrat.py:login popup handled
2021-03-12 19:48:33,971:INFO:flipkrat.py:Search begins for Nike
2021-03-12 19:48:39,271:INFO:flipkrat.py:Data saved in scrapper file
2021-03-12 19:52:16,469:INFO:flipkrat.py:Url hitted
2021-03-12 19:52:16,797:INFO:flipkrat.py:login popup handled
2021-03-12 19:52:17,244:INFO:flipkrat.py:Search begins for Nike
2021-03-12 19:52:19,627:INFO:flipkrat.py:Data saved in scrapper file
2021-03-12 22:38:31,082:INFO:flipkrat.py:Url hitted
2021-03-12 22:38:31,387:INFO:flipkrat.py:login popup handled
2021-03-12 22:38:31,835:INFO:flipkrat.py:Search begins for Nike
2021-03-12 22:38:38,080:INFO:flipkrat.py:Data saved in scrapper file
2021-08-04 12:56:00,877:INFO:flipkrat.py:Url hitted
2021-08-04 12:56:00,934:INFO:flipkrat.py:login popup handled
2021-08-04 12:56:01,060:INFO:flipkrat.py:Search begins for samsung
2021-08-04 12:56:01,276:INFO:flipkrat.py:Thread run completed
2021-08-04 12:57:58,468:INFO:flipkrat.py:Url hitted
2021-08-04 12:57:58,522:INFO:flipkrat.py:login popup handled
2021-08-04 12:57:58,637:INFO:flipkrat.py:Search begins for samsung
2021-08-04 13:04:09,840:INFO:flipkrat.py:Url hitted
2021-08-04 13:04:13,090:INFO:flipkrat.py:login popup handled
2021-08-04 13:04:16,251:INFO:flipkrat.py:Search begins for samsung
2021-08-04 13:15:23,450:INFO:flipkrat.py:Url hitted
2021-08-04 13:15:23,506:INFO:flipkrat.py:login popup handled
2021-08-04 13:15:23,622:INFO:flipkrat.py:Search begins for samsung
2021-08-04 13:15:23,809:INFO:flipkrat.py:Thread run completed
2021-08-04 13:23:33,747:INFO:flipkrat.py:Url hitted
2021-08-04 13:23:33,799:INFO:flipkrat.py:login popup handled
2021-08-04 13:23:33,931:INFO:flipkrat.py:Search begins for samsung
2021-08-04 13:23:34,106:INFO:flipkrat.py:Thread run completed
2021-08-04 13:29:00,041:INFO:flipkrat.py:Url hitted
2021-08-04 13:29:00,090:INFO:flipkrat.py:login popup handled
2021-08-04 13:29:00,197:INFO:flipkrat.py:Search begins for samsung
2021-08-04 15:25:08,503:INFO:flipkrat.py:Url hitted
2021-08-04 15:25:08,558:INFO:flipkrat.py:login popup handled
2021-08-04 15:25:08,668:INFO:flipkrat.py:Search begins for samsung
2021-08-04 15:28:18,073:INFO:flipkrat.py:Url hitted
2021-08-04 15:28:18,128:INFO:flipkrat.py:login popup handled
2021-08-04 15:28:18,241:INFO:flipkrat.py:Search begins for samsung
2021-08-04 15:42:14,351:INFO:flipkrat.py:Url hitted
2021-08-04 15:42:17,360:INFO:flipkrat.py:login popup handled
2021-08-04 15:42:20,158:INFO:flipkrat.py:Search begins for samsung
2021-08-04 15:49:00,132:INFO:flipkrat.py:Thread run completed
2021-08-04 16:11:46,295:INFO:flipkrat.py:Url hitted
2021-08-04 16:11:46,340:INFO:flipkrat.py:login popup handled
2021-08-04 16:11:46,452:INFO:flipkrat.py:Search begins for samsung
2021-08-04 16:18:02,306:INFO:flipkrat.py:Url hitted
2021-08-04 16:18:02,358:INFO:flipkrat.py:login popup handled
2021-08-04 16:18:02,461:INFO:flipkrat.py:Search begins for samsung
2021-08-04 16:37:09,844:INFO:flipkrat.py:Url hitted
2021-08-04 16:37:09,893:INFO:flipkrat.py:login popup handled
2021-08-04 16:37:10,006:INFO:flipkrat.py:Search begins for samsung
2021-08-04 16:49:10,832:INFO:flipkrat.py:Url hitted
2021-08-04 16:49:32,052:INFO:flipkrat.py:login popup handled
2021-08-04 16:49:51,513:INFO:flipkrat.py:Search begins for samsung
2021-08-04 17:09:57,408:INFO:flipkrat.py:Thread run completed
2021-08-04 18:02:08,755:INFO:flipkrat.py:Url hitted
2021-08-04 18:02:08,811:INFO:flipkrat.py:login popup handled
2021-08-04 18:02:08,925:INFO:flipkrat.py:Search begins for samsung
2021-08-04 18:02:08,960:INFO:flipkrat.py:Data saved in scrapper file
2021-08-04 18:04:35,641:INFO:flipkrat.py:Url hitted
2021-08-04 18:04:35,696:INFO:flipkrat.py:login popup handled
2021-08-04 18:04:35,810:INFO:flipkrat.py:Search begins for samsung
2021-08-04 18:04:36,440:INFO:flipkrat.py:Data saved in scrapper file
2021-08-04 18:13:48,423:INFO:flipkrat.py:Url hitted
2021-08-04 18:13:48,483:INFO:flipkrat.py:login popup handled
2021-08-04 18:13:48,586:INFO:flipkrat.py:Search begins for samsung
2021-08-04 18:13:48,656:INFO:flipkrat.py:data saved in scrapper file
2021-08-04 18:13:48,799:INFO:flipkrat.py:Thread run completed
2021-08-04 18:53:30,997:INFO:flipkrat.py:Url hitted
2021-08-04 18:53:31,050:INFO:flipkrat.py:login popup handled
2021-08-04 18:53:31,166:INFO:flipkrat.py:Search begins for samsung
2021-08-04 18:53:31,239:INFO:flipkrat.py:data saved in scrapper file
2021-08-04 18:53:31,380:INFO:flipkrat.py:Thread run completed
2021-08-04 23:06:32,512:INFO:flipkrat.py:Url hitted
2021-08-04 23:07:35,915:INFO:flipkrat.py:login popup handled
2021-08-04 23:08:05,053:INFO:flipkrat.py:Search begins for samsung
2021-08-04 23:08:44,361:INFO:flipkrat.py:Data saved in scrapper file
2021-08-06 01:09:54,993:INFO:flipkrat.py:Url hitted
2021-08-06 01:09:55,051:INFO:flipkrat.py:login popup handled
2021-08-06 01:09:55,162:INFO:flipkrat.py:Search begins for samsung
2021-08-06 01:12:41,240:INFO:flipkrat.py:Url hitted
2021-08-06 01:12:41,297:INFO:flipkrat.py:login popup handled
2021-08-06 01:12:41,516:INFO:flipkrat.py:Search begins for samsung
2021-08-06 01:13:38,072:INFO:flipkrat.py:Url hitted
2021-08-06 01:13:38,130:INFO:flipkrat.py:login popup handled
2021-08-06 01:13:38,341:INFO:flipkrat.py:Search begins for samsung
2021-08-06 01:19:00,380:INFO:flipkrat.py:Url hitted
2021-08-06 01:19:00,441:INFO:flipkrat.py:login popup handled
2021-08-06 01:19:00,558:INFO:flipkrat.py:Search begins for samsung
2021-08-06 01:24:35,108:INFO:flipkrat.py:Url hitted
2021-08-06 01:24:35,165:INFO:flipkrat.py:login popup handled
2021-08-06 01:24:35,269:INFO:flipkrat.py:Search begins for samsung
2021-08-06 01:26:11,782:INFO:flipkrat.py:Url hitted
2021-08-06 01:26:11,835:INFO:flipkrat.py:login popup handled
2021-08-06 01:26:12,021:INFO:flipkrat.py:Search begins for samsung
2021-08-06 01:28:48,080:INFO:flipkrat.py:Url hitted
2021-08-06 01:28:48,134:INFO:flipkrat.py:login popup handled
2021-08-06 01:28:48,345:INFO:flipkrat.py:Search begins for samsung
2021-08-06 01:29:55,479:INFO:flipkrat.py:Url hitted
2021-08-06 01:29:55,542:INFO:flipkrat.py:login popup handled
2021-08-06 01:29:55,749:INFO:flipkrat.py:Search begins for samsung
2021-08-06 01:31:12,674:INFO:flipkrat.py:Url hitted
2021-08-06 01:31:12,739:INFO:flipkrat.py:login popup handled
2021-08-06 01:31:12,843:INFO:flipkrat.py:Search begins for samsung
2021-08-06 08:14:59,694:INFO:flipkrat.py:Url hitted
2021-08-06 08:14:59,754:INFO:flipkrat.py:login popup handled
2021-08-06 08:14:59,854:INFO:flipkrat.py:Search begins for samsung
2021-08-06 08:16:30,028:INFO:flipkrat.py:Url hitted
2021-08-06 08:16:30,080:INFO:flipkrat.py:login popup handled
2021-08-06 08:16:30,176:INFO:flipkrat.py:Search begins for samsung
2021-08-06 08:19:31,017:INFO:flipkrat.py:Url hitted
2021-08-06 08:19:31,067:INFO:flipkrat.py:login popup handled
2021-08-06 08:19:31,178:INFO:flipkrat.py:Search begins for samsung
2021-08-06 08:21:20,611:INFO:flipkrat.py:Url hitted
2021-08-06 08:21:20,659:INFO:flipkrat.py:login popup handled
2021-08-06 08:21:20,766:INFO:flipkrat.py:Search begins for samsung
2021-08-06 08:24:02,182:INFO:flipkrat.py:Url hitted
2021-08-06 08:24:02,232:INFO:flipkrat.py:login popup handled
2021-08-06 08:24:02,323:INFO:flipkrat.py:Search begins for samsung
2021-08-06 08:25:45,171:INFO:flipkrat.py:Url hitted
2021-08-06 08:25:45,220:INFO:flipkrat.py:login popup handled
2021-08-06 08:25:45,330:INFO:flipkrat.py:Search begins for samsung
2021-08-06 08:58:27,019:INFO:flipkrat.py:Url hitted
2021-08-06 08:58:27,084:INFO:flipkrat.py:login popup handled
2021-08-06 08:58:27,296:INFO:flipkrat.py:Search begins for samsung
2021-08-06 09:39:17,812:INFO:flipkrat.py:Url hitted
2021-08-06 09:39:17,871:INFO:flipkrat.py:login popup handled
2021-08-06 09:39:18,077:INFO:flipkrat.py:Search begins for samsung
2021-08-06 09:45:11,084:INFO:flipkrat.py:Url hitted
2021-08-06 09:45:11,202:INFO:flipkrat.py:login popup handled
2021-08-06 09:45:11,334:INFO:flipkrat.py:Search begins for samsung
2021-08-06 10:49:21,206:INFO:flipkrat.py:Url hitted
2021-08-06 10:49:21,264:INFO:flipkrat.py:login popup handled
2021-08-06 10:49:21,459:INFO:flipkrat.py:Search begins for samsung
2021-08-06 11:00:28,672:INFO:flipkrat.py:Url hitted
2021-08-06 11:00:28,732:INFO:flipkrat.py:login popup handled
2021-08-06 11:00:28,953:INFO:flipkrat.py:Search begins for samsung
2021-08-06 11:12:40,955:INFO:flipkrat.py:Url hitted
2021-08-06 11:12:41,010:INFO:flipkrat.py:login popup handled
2021-08-06 11:12:41,105:INFO:flipkrat.py:Search begins for samsung
2021-08-06 12:11:21,530:INFO:flipkrat.py:Url hitted
2021-08-06 12:11:21,590:INFO:flipkrat.py:login popup handled
2021-08-06 12:11:21,705:INFO:flipkrat.py:Search begins for samsung
2021-08-06 12:14:39,334:INFO:flipkrat.py:Url hitted
2021-08-06 12:14:39,389:INFO:flipkrat.py:login popup handled
2021-08-06 12:14:39,570:INFO:flipkrat.py:Search begins for samsung
2021-08-06 12:22:56,375:INFO:flipkrat.py:Url hitted
2021-08-06 12:22:56,433:INFO:flipkrat.py:login popup handled
2021-08-06 12:22:56,535:INFO:flipkrat.py:Search begins for samsung
2021-08-06 12:38:51,687:INFO:flipkrat.py:Url hitted
2021-08-06 12:38:51,808:INFO:flipkrat.py:login popup handled
2021-08-06 12:38:51,947:INFO:flipkrat.py:Search begins for samsung
2021-08-06 12:43:07,635:INFO:flipkrat.py:Url hitted
2021-08-06 12:43:07,691:INFO:flipkrat.py:login popup handled
2021-08-06 12:43:07,810:INFO:flipkrat.py:Search begins for samsung
2021-08-06 12:47:51,855:INFO:flipkrat.py:Url hitted
2021-08-06 12:47:51,905:INFO:flipkrat.py:login popup handled
2021-08-06 12:47:52,023:INFO:flipkrat.py:Search begins for samsung
2021-08-06 12:58:01,227:INFO:flipkrat.py:Url hitted
2021-08-06 12:58:01,340:INFO:flipkrat.py:login popup handled
2021-08-06 12:58:01,485:INFO:flipkrat.py:Search begins for samsung
2021-08-06 13:14:57,292:INFO:flipkrat.py:Url hitted
2021-08-06 13:14:57,339:INFO:flipkrat.py:login popup handled
2021-08-06 13:14:57,435:INFO:flipkrat.py:Search begins for samsung
2021-08-06 13:21:09,591:INFO:flipkrat.py:Url hitted
2021-08-06 13:21:09,652:INFO:flipkrat.py:login popup handled
2021-08-06 13:21:09,747:INFO:flipkrat.py:Search begins for samsung
2021-08-06 14:04:37,233:INFO:flipkrat.py:Url hitted
2021-08-06 14:04:37,288:INFO:flipkrat.py:login popup handled
2021-08-06 14:04:37,473:INFO:flipkrat.py:Search begins for samsung
2021-08-06 14:20:41,229:INFO:flipkrat.py:Url hitted
2021-08-06 14:20:41,294:INFO:flipkrat.py:login popup handled
2021-08-06 14:20:41,473:INFO:flipkrat.py:Search begins for samsung
2021-08-06 14:24:09,520:INFO:flipkrat.py:Url hitted
2021-08-06 14:24:09,630:INFO:flipkrat.py:login popup handled
2021-08-06 14:24:09,761:INFO:flipkrat.py:Search begins for samsung
2021-08-06 16:10:36,489:INFO:flipkrat.py:Url hitted
2021-08-06 16:10:36,609:INFO:flipkrat.py:login popup handled
2021-08-06 16:10:36,753:INFO:flipkrat.py:Search begins for samsung
2021-08-06 16:29:54,274:INFO:flipkrat.py:Url hitted
2021-08-06 16:29:54,337:INFO:flipkrat.py:login popup handled
2021-08-06 16:29:54,454:INFO:flipkrat.py:Search begins for samsung
2021-08-06 16:39:36,594:INFO:flipkrat.py:Url hitted
2021-08-06 16:39:36,654:INFO:flipkrat.py:login popup handled
2021-08-06 16:39:36,747:INFO:flipkrat.py:Search begins for samsung
2021-08-06 16:49:47,767:INFO:flipkrat.py:Url hitted
2021-08-06 16:49:47,827:INFO:flipkrat.py:login popup handled
2021-08-06 16:49:48,006:INFO:flipkrat.py:Search begins for samsung
2021-08-06 18:15:27,654:INFO:flipkrat.py:Url hitted
2021-08-06 18:15:27,723:INFO:flipkrat.py:login popup handled
2021-08-06 18:15:27,935:INFO:flipkrat.py:Search begins for samsung
2021-08-06 18:21:35,366:INFO:flipkrat.py:Url hitted
2021-08-06 18:21:35,428:INFO:flipkrat.py:login popup handled
2021-08-06 18:21:35,526:INFO:flipkrat.py:Search begins for samsung
2021-08-06 18:31:11,557:INFO:flipkrat.py:Url hitted
2021-08-06 18:31:11,634:INFO:flipkrat.py:login popup handled
2021-08-06 18:31:11,734:INFO:flipkrat.py:Search begins for samsung
2021-08-06 18:41:48,413:INFO:flipkrat.py:Url hitted
2021-08-06 18:41:48,466:INFO:flipkrat.py:login popup handled
2021-08-06 18:41:48,555:INFO:flipkrat.py:Search begins for samsung
2021-08-06 18:45:07,826:INFO:flipkrat.py:Url hitted
2021-08-06 18:45:07,877:INFO:flipkrat.py:login popup handled
2021-08-06 18:45:07,974:INFO:flipkrat.py:Search begins for samsung
2021-08-06 18:47:16,385:INFO:flipkrat.py:Url hitted
2021-08-06 18:47:16,432:INFO:flipkrat.py:login popup handled
2021-08-06 18:47:16,521:INFO:flipkrat.py:Search begins for samsung
2021-08-06 18:50:04,846:INFO:flipkrat.py:Url hitted
2021-08-06 18:50:04,903:INFO:flipkrat.py:login popup handled
2021-08-06 18:50:04,993:INFO:flipkrat.py:Search begins for samsung
2021-08-06 18:52:35,169:INFO:flipkrat.py:Url hitted
2021-08-06 18:52:35,221:INFO:flipkrat.py:login popup handled
2021-08-06 18:52:35,324:INFO:flipkrat.py:Search begins for samsung
2021-08-06 19:40:54,808:INFO:flipkrat.py:Url hitted
2021-08-06 19:40:54,871:INFO:flipkrat.py:login popup handled
2021-08-06 19:40:54,972:INFO:flipkrat.py:Search begins for samsung
2021-08-06 19:48:44,866:INFO:flipkrat.py:Url hitted
2021-08-06 19:48:44,922:INFO:flipkrat.py:login popup handled
2021-08-06 19:48:45,024:INFO:flipkrat.py:Search begins for samsung
2021-08-06 19:55:49,766:INFO:flipkrat.py:Thread run completed
2021-08-06 20:02:23,993:INFO:flipkrat.py:Url hitted
2021-08-06 20:02:24,049:INFO:flipkrat.py:login popup handled
2021-08-06 20:02:24,250:INFO:flipkrat.py:Search begins for samsung
2021-08-06 20:09:33,755:INFO:flipkrat.py:Thread run completed
2021-08-06 21:50:50,744:INFO:flipkrat.py:Url hitted
2021-08-06 21:50:50,800:INFO:flipkrat.py:login popup handled
2021-08-06 21:50:50,971:INFO:flipkrat.py:Search begins for samsung
2021-08-06 21:53:50,913:INFO:flipkrat.py:Url hitted
2021-08-06 21:53:50,967:INFO:flipkrat.py:login popup handled
2021-08-06 21:53:51,154:INFO:flipkrat.py:Search begins for samsung
2021-08-06 21:57:45,267:INFO:flipkrat.py:Thread run completed
2021-08-06 22:01:45,510:INFO:flipkrat.py:Url hitted
2021-08-06 22:01:45,568:INFO:flipkrat.py:login popup handled
2021-08-06 22:01:45,679:INFO:flipkrat.py:Search begins for samsung
2021-08-06 22:05:42,137:INFO:flipkrat.py:Thread run completed
2021-08-06 22:07:14,867:INFO:flipkrat.py:Url hitted
2021-08-06 22:07:14,924:INFO:flipkrat.py:login popup handled
2021-08-06 22:07:15,035:INFO:flipkrat.py:Search begins for samsung
2021-08-06 22:11:18,366:INFO:flipkrat.py:Thread run completed
2021-08-06 22:20:52,666:INFO:flipkrat.py:Url hitted
2021-08-06 22:20:52,778:INFO:flipkrat.py:login popup handled
2021-08-06 22:20:52,921:INFO:flipkrat.py:Search begins for samsung
2021-08-06 22:24:54,303:INFO:flipkrat.py:Thread run completed
2021-08-06 22:30:39,646:INFO:flipkrat.py:Url hitted
2021-08-06 22:30:39,705:INFO:flipkrat.py:login popup handled
2021-08-06 22:30:39,914:INFO:flipkrat.py:Search begins for samsung
2021-08-06 22:45:55,812:INFO:flipkrat.py:Url hitted
2021-08-06 22:45:55,879:INFO:flipkrat.py:login popup handled
2021-08-06 22:45:55,985:INFO:flipkrat.py:Search begins for samsung
2021-08-06 22:47:42,554:INFO:flipkrat.py:Url hitted
2021-08-06 22:47:42,618:INFO:flipkrat.py:login popup handled
2021-08-06 22:47:42,740:INFO:flipkrat.py:Search begins for samsung
2021-08-06 22:51:14,955:INFO:flipkrat.py:Url hitted
2021-08-06 22:51:15,067:INFO:flipkrat.py:login popup handled
2021-08-06 22:51:15,199:INFO:flipkrat.py:Search begins for samsung
2021-08-06 22:53:51,401:INFO:flipkrat.py:Url hitted
2021-08-06 22:53:51,462:INFO:flipkrat.py:login popup handled
2021-08-06 22:53:51,624:INFO:flipkrat.py:Search begins for samsung
2021-08-06 22:58:53,244:INFO:flipkrat.py:Url hitted
2021-08-06 22:58:53,299:INFO:flipkrat.py:login popup handled
2021-08-06 22:58:53,400:INFO:flipkrat.py:Search begins for samsung
2021-08-06 23:01:23,667:INFO:flipkrat.py:Url hitted
2021-08-06 23:01:23,725:INFO:flipkrat.py:login popup handled
2021-08-06 23:01:23,830:INFO:flipkrat.py:Search begins for samsung
2021-08-06 23:09:48,063:INFO:flipkrat.py:Url hitted
2021-08-06 23:09:48,177:INFO:flipkrat.py:login popup handled
2021-08-06 23:09:48,312:INFO:flipkrat.py:Search begins for samsung
2021-08-06 23:12:58,066:INFO:flipkrat.py:Url hitted
2021-08-06 23:12:58,118:INFO:flipkrat.py:login popup handled
2021-08-06 23:12:58,287:INFO:flipkrat.py:Search begins for samsung
2021-08-06 23:16:24,006:INFO:flipkrat.py:Url hitted
2021-08-06 23:16:24,065:INFO:flipkrat.py:login popup handled
2021-08-06 23:16:24,177:INFO:flipkrat.py:Search begins for samsung
2021-08-06 23:18:01,101:INFO:flipkrat.py:Url hitted
2021-08-06 23:18:01,227:INFO:flipkrat.py:login popup handled
2021-08-06 23:18:01,360:INFO:flipkrat.py:Search begins for samsung
2021-08-06 23:19:32,124:INFO:flipkrat.py:Url hitted
2021-08-06 23:19:32,180:INFO:flipkrat.py:login popup handled
2021-08-06 23:19:32,275:INFO:flipkrat.py:Search begins for samsung
2021-08-07 00:16:05,301:INFO:flipkrat.py:Url hitted
2021-08-07 00:16:05,420:INFO:flipkrat.py:login popup handled
2021-08-07 00:16:05,570:INFO:flipkrat.py:Search begins for samsung
2021-08-07 00:19:59,344:INFO:flipkrat.py:Url hitted
2021-08-07 00:19:59,404:INFO:flipkrat.py:login popup handled
2021-08-07 00:19:59,514:INFO:flipkrat.py:Search begins for samsung
2021-08-07 00:20:52,938:INFO:flipkrat.py:Url hitted
2021-08-07 00:20:53,092:INFO:flipkrat.py:login popup handled
2021-08-07 00:20:53,216:INFO:flipkrat.py:Search begins for samsung
2021-08-07 00:23:06,291:INFO:flipkrat.py:Url hitted
2021-08-07 00:23:06,349:INFO:flipkrat.py:login popup handled
2021-08-07 00:23:06,556:INFO:flipkrat.py:Search begins for samsung
2021-08-07 00:27:45,937:INFO:flipkrat.py:Url hitted
2021-08-07 00:27:46,052:INFO:flipkrat.py:login popup handled
2021-08-07 00:27:46,213:INFO:flipkrat.py:Search begins for samsung
2021-08-07 00:36:34,126:INFO:flipkrat.py:Url hitted
2021-08-07 00:36:34,183:INFO:flipkrat.py:login popup handled
2021-08-07 00:36:34,295:INFO:flipkrat.py:Search begins for samsung
2021-08-07 00:40:19,156:INFO:flipkrat.py:Url hitted
2021-08-07 00:40:19,215:INFO:flipkrat.py:login popup handled
2021-08-07 00:40:19,412:INFO:flipkrat.py:Search begins for samsung
2021-08-07 00:42:32,595:INFO:flipkrat.py:Url hitted
2021-08-07 00:42:32,658:INFO:flipkrat.py:login popup handled
2021-08-07 00:42:32,876:INFO:flipkrat.py:Search begins for samsung
2021-08-07 00:58:20,406:INFO:flipkrat.py:Url hitted
2021-08-07 00:58:20,464:INFO:flipkrat.py:login popup handled
2021-08-07 00:58:20,660:INFO:flipkrat.py:Search begins for samsung
2021-08-07 01:04:05,106:INFO:flipkrat.py:Url hitted
2021-08-07 01:04:05,160:INFO:flipkrat.py:login popup handled
2021-08-07 01:04:05,270:INFO:flipkrat.py:Search begins for samsung
2021-08-07 01:05:56,412:INFO:flipkrat.py:Url hitted
2021-08-07 01:05:56,471:INFO:flipkrat.py:login popup handled
2021-08-07 01:05:56,619:INFO:flipkrat.py:Search begins for samsung
2021-08-07 01:08:24,738:INFO:flipkrat.py:Url hitted
2021-08-07 01:08:24,803:INFO:flipkrat.py:login popup handled
2021-08-07 01:08:25,009:INFO:flipkrat.py:Search begins for samsung
2021-08-07 01:09:32,682:INFO:flipkrat.py:Url hitted
2021-08-07 01:09:32,736:INFO:flipkrat.py:login popup handled
2021-08-07 01:09:32,934:INFO:flipkrat.py:Search begins for samsung
2021-08-07 01:11:24,675:INFO:flipkrat.py:Url hitted
2021-08-07 01:11:24,734:INFO:flipkrat.py:login popup handled
2021-08-07 01:11:24,875:INFO:flipkrat.py:Search begins for samsung
2021-08-07 01:14:28,555:INFO:flipkrat.py:Url hitted
2021-08-07 01:14:28,610:INFO:flipkrat.py:login popup handled
2021-08-07 01:14:28,822:INFO:flipkrat.py:Search begins for samsung
2021-08-07 01:15:10,889:INFO:flipkrat.py:Thread run completed
2021-08-07 01:17:20,273:INFO:flipkrat.py:Url hitted
2021-08-07 01:17:20,326:INFO:flipkrat.py:login popup handled
2021-08-07 01:17:20,497:INFO:flipkrat.py:Search begins for samsung
2021-08-07 01:18:01,006:INFO:flipkrat.py:Thread run completed
2021-08-07 01:19:30,863:INFO:flipkrat.py:Url hitted
2021-08-07 01:19:30,918:INFO:flipkrat.py:login popup handled
2021-08-07 01:19:31,132:INFO:flipkrat.py:Search begins for samsung
2021-08-07 01:20:10,059:INFO:flipkrat.py:Thread run completed
2021-08-07 01:23:00,762:INFO:flipkrat.py:Url hitted
2021-08-07 01:23:00,821:INFO:flipkrat.py:login popup handled
2021-08-07 01:23:00,924:INFO:flipkrat.py:Search begins for samsung
2021-08-07 01:23:44,593:INFO:flipkrat.py:Thread run completed
2021-08-07 01:29:49,771:INFO:flipkrat.py:Url hitted
2021-08-07 01:29:49,828:INFO:flipkrat.py:login popup handled
2021-08-07 01:29:49,926:INFO:flipkrat.py:Search begins for samsung
2021-08-07 01:30:32,120:INFO:flipkrat.py:Thread run completed
2021-08-07 01:31:40,408:INFO:flipkrat.py:Url hitted
2021-08-07 01:31:40,463:INFO:flipkrat.py:login popup handled
2021-08-07 01:31:40,674:INFO:flipkrat.py:Search begins for samsung
2021-08-07 01:32:19,734:INFO:flipkrat.py:Thread run completed
2021-08-07 01:33:38,962:INFO:flipkrat.py:Url hitted
2021-08-07 01:33:39,021:INFO:flipkrat.py:login popup handled
2021-08-07 01:33:39,120:INFO:flipkrat.py:Search begins for samsung
2021-08-07 01:34:24,838:INFO:flipkrat.py:Thread run completed
2021-08-07 01:39:02,672:INFO:flipkrat.py:Url hitted
2021-08-07 01:39:02,737:INFO:flipkrat.py:login popup handled
2021-08-07 01:39:02,927:INFO:flipkrat.py:Search begins for samsung
2021-08-07 01:39:42,236:INFO:flipkrat.py:Thread run completed
2021-08-07 01:43:21,446:INFO:flipkrat.py:Url hitted
2021-08-07 01:43:21,505:INFO:flipkrat.py:login popup handled
2021-08-07 01:43:21,615:INFO:flipkrat.py:Search begins for samsung
2021-08-07 01:46:33,548:INFO:flipkrat.py:Thread run completed
2021-08-07 01:54:53,654:INFO:flipkrat.py:Url hitted
2021-08-07 01:54:53,711:INFO:flipkrat.py:login popup handled
2021-08-07 01:54:53,919:INFO:flipkrat.py:Search begins for samsung
2021-08-07 01:56:41,809:INFO:flipkrat.py:Url hitted
2021-08-07 01:56:41,867:INFO:flipkrat.py:login popup handled
2021-08-07 01:56:41,974:INFO:flipkrat.py:Search begins for samsung
2021-08-07 01:57:27,567:INFO:flipkrat.py:Thread run completed
2021-08-07 02:02:23,344:INFO:flipkrat.py:Url hitted
2021-08-07 02:02:23,401:INFO:flipkrat.py:login popup handled
2021-08-07 02:02:23,519:INFO:flipkrat.py:Search begins for samsung
2021-08-07 02:03:08,383:INFO:flipkrat.py:Thread run completed
2021-08-07 02:10:13,500:INFO:flipkrat.py:Url hitted
2021-08-07 02:10:13,556:INFO:flipkrat.py:login popup handled
2021-08-07 02:10:13,659:INFO:flipkrat.py:Search begins for samsung
2021-08-07 02:16:57,140:INFO:flipkrat.py:Url hitted
2021-08-07 02:16:57,197:INFO:flipkrat.py:login popup handled
2021-08-07 02:16:57,405:INFO:flipkrat.py:Search begins for samsung
2021-08-07 08:16:23,337:INFO:flipkrat.py:Url hitted
2021-08-07 08:16:23,385:INFO:flipkrat.py:login popup handled
2021-08-07 08:16:23,483:INFO:flipkrat.py:Search begins for samsung
2021-08-07 09:16:57,512:INFO:flipkrat.py:Url hitted
2021-08-07 09:16:57,568:INFO:flipkrat.py:login popup handled
2021-08-07 09:16:57,675:INFO:flipkrat.py:Search begins for samsung
2021-08-07 09:22:23,637:INFO:flipkrat.py:Url hitted
2021-08-07 09:22:23,696:INFO:flipkrat.py:login popup handled
2021-08-07 09:22:23,803:INFO:flipkrat.py:Search begins for samsung
2021-08-07 09:29:33,326:INFO:flipkrat.py:Url hitted
2021-08-07 09:29:33,383:INFO:flipkrat.py:login popup handled
2021-08-07 09:29:33,562:INFO:flipkrat.py:Search begins for samsung
2021-08-07 10:03:46,691:INFO:flipkrat.py:Url hitted
2021-08-07 10:03:46,748:INFO:flipkrat.py:login popup handled
2021-08-07 10:03:46,852:INFO:flipkrat.py:Search begins for samsung
2021-08-07 10:04:52,953:INFO:flipkrat.py:Thread run completed
2021-08-07 11:14:09,001:INFO:flipkrat.py:Url hitted
2021-08-07 11:14:09,058:INFO:flipkrat.py:login popup handled
2021-08-07 11:14:09,164:INFO:flipkrat.py:Search begins for samsung
2021-08-07 11:24:46,598:INFO:flipkrat.py:Url hitted
2021-08-07 11:24:46,733:INFO:flipkrat.py:login popup handled
2021-08-07 11:24:46,855:INFO:flipkrat.py:Search begins for samsung
2021-08-07 11:26:17,172:INFO:flipkrat.py:Url hitted
2021-08-07 11:26:17,287:INFO:flipkrat.py:login popup handled
2021-08-07 11:26:17,421:INFO:flipkrat.py:Search begins for samsung
2021-08-07 11:32:57,985:INFO:flipkrat.py:Thread run completed
2021-08-07 11:44:27,780:INFO:flipkrat.py:Url hitted
2021-08-07 11:44:27,839:INFO:flipkrat.py:login popup handled
2021-08-07 11:44:28,040:INFO:flipkrat.py:Search begins for samsung
2021-08-07 11:50:25,362:INFO:flipkrat.py:Url hitted
2021-08-07 11:50:25,425:INFO:flipkrat.py:login popup handled
2021-08-07 11:50:25,635:INFO:flipkrat.py:Search begins for samsung
2021-08-07 12:01:06,446:INFO:flipkrat.py:Url hitted
2021-08-07 12:01:06,526:INFO:flipkrat.py:login popup handled
2021-08-07 12:01:06,646:INFO:flipkrat.py:Search begins for samsung
2021-08-07 12:03:58,351:INFO:flipkrat.py:Url hitted
2021-08-07 12:03:58,413:INFO:flipkrat.py:login popup handled
2021-08-07 12:03:58,624:INFO:flipkrat.py:Search begins for samsung
2021-08-07 12:10:37,299:INFO:flipkrat.py:Thread run completed
2021-08-07 12:42:24,770:INFO:flipkrat.py:Url hitted
2021-08-07 12:42:24,824:INFO:flipkrat.py:login popup handled
2021-08-07 12:42:25,026:INFO:flipkrat.py:Search begins for samsung
2021-08-07 12:45:05,472:INFO:flipkrat.py:Url hitted
2021-08-07 12:45:09,959:INFO:flipkrat.py:login popup handled
2021-08-07 12:45:11,394:INFO:flipkrat.py:Search begins for samsung
2021-08-07 12:50:19,408:INFO:flipkrat.py:Url hitted
2021-08-07 12:50:24,666:INFO:flipkrat.py:login popup handled
2021-08-07 12:50:53,738:INFO:flipkrat.py:Search begins for samsung
2021-08-07 12:54:44,437:INFO:flipkrat.py:Url hitted
2021-08-07 12:54:45,941:INFO:flipkrat.py:login popup handled
2021-08-07 12:54:47,542:INFO:flipkrat.py:Search begins for samsung
2021-08-07 12:59:31,823:INFO:flipkrat.py:Url hitted
2021-08-07 12:59:35,873:INFO:flipkrat.py:login popup handled
2021-08-07 12:59:46,248:INFO:flipkrat.py:Search begins for samsung
2021-08-07 13:03:26,390:INFO:flipkrat.py:Url hitted
2021-08-07 13:03:28,237:INFO:flipkrat.py:login popup handled
2021-08-07 13:03:31,574:INFO:flipkrat.py:Search begins for samsung
2021-08-07 13:04:44,061:INFO:flipkrat.py:Data saved in scrapper file
2021-08-07 13:51:16,748:INFO:flipkrat.py:Url hitted
2021-08-07 13:51:21,086:INFO:flipkrat.py:login popup handled
2021-08-07 13:51:24,638:INFO:flipkrat.py:Search begins for samsung
2021-08-07 13:54:30,880:INFO:flipkrat.py:Data saved in scrapper file
2021-08-07 16:51:56,953:INFO:flipkrat.py:Url hitted
2021-08-07 16:51:58,957:INFO:flipkrat.py:login popup handled
2021-08-07 16:52:00,940:INFO:flipkrat.py:Search begins for samsung
2021-08-07 16:54:36,466:INFO:flipkrat.py:Url hitted
2021-08-07 16:54:36,518:INFO:flipkrat.py:login popup handled
2021-08-07 16:54:36,620:INFO:flipkrat.py:Search begins for samsung
2021-08-07 17:12:18,328:INFO:flipkrat.py:Url hitted
2021-08-07 17:12:18,390:INFO:flipkrat.py:login popup handled
2021-08-07 17:12:18,486:INFO:flipkrat.py:Search begins for samsung
2021-08-07 17:12:32,705:INFO:flipkrat.py:Data saved in scrapper file
2021-08-07 17:14:20,326:INFO:flipkrat.py:Url hitted
2021-08-07 17:14:22,127:INFO:flipkrat.py:login popup handled
2021-08-07 17:14:24,572:INFO:flipkrat.py:Search begins for samsung
2021-08-07 17:16:13,016:INFO:flipkrat.py:Data saved in scrapper file
2021-08-07 18:31:37,471:INFO:flipkrat.py:Url hitted
2021-08-07 18:31:44,487:INFO:flipkrat.py:login popup handled
2021-08-07 18:31:46,099:INFO:flipkrat.py:Search begins for samsung
2021-08-07 18:42:55,934:INFO:flipkrat.py:Url hitted
2021-08-07 18:42:57,144:INFO:flipkrat.py:login popup handled
2021-08-07 18:43:01,489:INFO:flipkrat.py:Search begins for samsung
2021-08-07 18:45:55,538:INFO:flipkrat.py:Url hitted
2021-08-07 18:45:56,764:INFO:flipkrat.py:login popup handled
2021-08-07 18:45:59,719:INFO:flipkrat.py:Search begins for samsung
2021-08-07 19:07:31,046:INFO:flipkrat.py:Url hitted
2021-08-07 19:07:32,395:INFO:flipkrat.py:login popup handled
2021-08-07 19:07:33,484:INFO:flipkrat.py:Search begins for samsung
2021-08-07 19:27:23,632:INFO:flipkrat.py:Url hitted
2021-08-07 19:27:23,693:INFO:flipkrat.py:login popup handled
2021-08-07 19:27:23,792:INFO:flipkrat.py:Search begins for samsung
2021-08-07 19:38:20,938:INFO:flipkrat.py:Url hitted
2021-08-07 19:38:25,387:INFO:flipkrat.py:login popup handled
2021-08-07 19:38:27,702:INFO:flipkrat.py:Search begins for samsung
2021-08-07 19:42:16,030:INFO:flipkrat.py:Url hitted
2021-08-07 19:42:18,171:INFO:flipkrat.py:login popup handled
2021-08-07 19:42:20,985:INFO:flipkrat.py:Search begins for samsung
2021-08-07 19:45:54,412:INFO:flipkrat.py:Url hitted
2021-08-07 19:45:54,505:INFO:flipkrat.py:login popup handled
2021-08-07 19:45:54,599:INFO:flipkrat.py:Search begins for samsung
2021-08-07 19:47:57,150:INFO:flipkrat.py:Url hitted
2021-08-07 19:47:57,208:INFO:flipkrat.py:login popup handled
2021-08-07 19:47:57,301:INFO:flipkrat.py:Search begins for samsung
2021-08-07 19:48:49,506:INFO:flipkrat.py:Url hitted
2021-08-07 19:48:49,562:INFO:flipkrat.py:login popup handled
2021-08-07 19:48:49,762:INFO:flipkrat.py:Search begins for samsung
2021-08-07 19:54:28,092:INFO:flipkrat.py:Url hitted
2021-08-07 19:54:28,158:INFO:flipkrat.py:login popup handled
2021-08-07 19:54:28,264:INFO:flipkrat.py:Search begins for samsung
2021-08-07 19:56:51,003:INFO:flipkrat.py:Url hitted
2021-08-07 19:56:51,059:INFO:flipkrat.py:login popup handled
2021-08-07 19:56:51,148:INFO:flipkrat.py:Search begins for samsung
2021-08-07 20:02:15,763:INFO:flipkrat.py:Url hitted
2021-08-07 20:02:15,837:INFO:flipkrat.py:login popup handled
2021-08-07 20:02:15,924:INFO:flipkrat.py:Search begins for samsung
2021-08-07 21:18:28,395:INFO:flipkrat.py:Url hitted
2021-08-07 21:18:28,875:INFO:flipkrat.py:login popup handled
2021-08-07 21:18:29,265:INFO:flipkrat.py:Search begins for samsung
2021-08-07 21:25:19,617:INFO:flipkrat.py:Url hitted
2021-08-07 21:25:19,671:INFO:flipkrat.py:login popup handled
2021-08-07 21:25:19,761:INFO:flipkrat.py:Search begins for samsung
2021-08-07 21:30:15,317:INFO:flipkrat.py:Url hitted
2021-08-07 21:30:15,376:INFO:flipkrat.py:login popup handled
2021-08-07 21:30:15,483:INFO:flipkrat.py:Search begins for samsung
2021-08-07 22:20:34,659:INFO:flipkrat.py:Url hitted
2021-08-07 22:20:35,407:INFO:flipkrat.py:login popup handled
2021-08-07 22:20:35,921:INFO:flipkrat.py:Search begins for samsung
2021-08-07 22:27:48,196:INFO:flipkrat.py:Url hitted
2021-08-07 22:27:49,893:INFO:flipkrat.py:login popup handled
2021-08-07 22:27:51,296:INFO:flipkrat.py:Search begins for samsung
2021-08-07 22:32:11,302:INFO:flipkrat.py:Url hitted
2021-08-07 22:32:13,056:INFO:flipkrat.py:login popup handled
2021-08-07 22:32:25,088:INFO:flipkrat.py:Search begins for samsung
2021-08-07 22:38:21,212:INFO:flipkrat.py:Url hitted
2021-08-07 22:38:21,264:INFO:flipkrat.py:login popup handled
2021-08-07 22:38:21,441:INFO:flipkrat.py:Search begins for samsung
2021-08-07 22:42:12,070:INFO:flipkrat.py:Url hitted
2021-08-07 22:42:14,457:INFO:flipkrat.py:login popup handled
2021-08-07 22:42:17,192:INFO:flipkrat.py:Search begins for samsung
2021-08-07 22:44:03,735:INFO:flipkrat.py:Url hitted
2021-08-07 22:44:03,788:INFO:flipkrat.py:login popup handled
2021-08-07 22:44:03,928:INFO:flipkrat.py:Search begins for samsung
2021-08-07 22:44:15,663:INFO:flipkrat.py:data saved in scrapper file
2021-08-07 22:47:48,376:INFO:flipkrat.py:Url hitted
2021-08-07 22:47:53,342:INFO:flipkrat.py:login popup handled
2021-08-07 22:47:56,661:INFO:flipkrat.py:Search begins for samsung
2021-08-07 22:48:44,290:INFO:flipkrat.py:data saved in scrapper file
2021-08-07 22:54:13,056:INFO:flipkrat.py:Url hitted
2021-08-07 22:54:14,575:INFO:flipkrat.py:login popup handled
2021-08-07 22:54:16,009:INFO:flipkrat.py:Search begins for samsung
2021-08-07 22:56:26,458:INFO:flipkrat.py:Url hitted
2021-08-07 22:56:26,513:INFO:flipkrat.py:login popup handled
2021-08-07 22:56:26,660:INFO:flipkrat.py:Search begins for samsung
2021-08-07 22:58:10,958:INFO:flipkrat.py:Url hitted
2021-08-07 22:58:11,080:INFO:flipkrat.py:login popup handled
2021-08-07 22:58:11,205:INFO:flipkrat.py:Search begins for samsung
2021-08-07 22:58:23,013:INFO:flipkrat.py:data saved in scrapper file
2021-08-07 23:02:47,684:INFO:flipkrat.py:Url hitted
2021-08-07 23:02:47,733:INFO:flipkrat.py:login popup handled
2021-08-07 23:02:47,938:INFO:flipkrat.py:Search begins for samsung
2021-08-07 23:03:01,876:INFO:flipkrat.py:data saved in scrapper file
2021-08-07 23:07:42,144:INFO:flipkrat.py:Url hitted
2021-08-07 23:07:42,199:INFO:flipkrat.py:login popup handled
2021-08-07 23:07:42,296:INFO:flipkrat.py:Search begins for samsung
2021-08-07 23:07:53,663:INFO:flipkrat.py:data saved in scrapper file
2021-08-07 23:22:38,293:INFO:flipkrat.py:Url hitted
2021-08-07 23:22:38,823:INFO:flipkrat.py:login popup handled
2021-08-07 23:22:39,851:INFO:flipkrat.py:Search begins for samsung
2021-08-07 23:22:59,125:INFO:flipkrat.py:data saved in scrapper file
2021-08-07 23:28:12,961:INFO:flipkrat.py:Url hitted
2021-08-07 23:28:14,520:INFO:flipkrat.py:login popup handled
2021-08-07 23:28:16,253:INFO:flipkrat.py:Search begins for samsung
2021-08-07 23:28:52,233:INFO:flipkrat.py:data saved in scrapper file
2021-08-07 23:33:46,793:INFO:flipkrat.py:Url hitted
2021-08-07 23:33:48,125:INFO:flipkrat.py:login popup handled
2021-08-07 23:33:51,152:INFO:flipkrat.py:Search begins for samsung
2021-08-07 23:34:50,125:INFO:flipkrat.py:data saved in scrapper file
2021-08-07 23:38:26,705:INFO:flipkrat.py:Url hitted
2021-08-07 23:38:41,860:INFO:flipkrat.py:login popup handled
2021-08-07 23:38:53,825:INFO:flipkrat.py:Search begins for samsung
2021-08-07 23:40:24,688:INFO:flipkrat.py:data saved in scrapper file
2021-08-07 23:47:17,935:INFO:flipkrat.py:Url hitted
2021-08-07 23:47:17,995:INFO:flipkrat.py:login popup handled
2021-08-07 23:47:18,203:INFO:flipkrat.py:Search begins for samsung
2021-08-07 23:47:31,221:INFO:flipkrat.py:data saved in scrapper file
2021-08-07 23:48:11,084:INFO:flipkrat.py:Thread run completed
2021-08-07 23:53:25,553:INFO:flipkrat.py:Url hitted
2021-08-07 23:53:25,610:INFO:flipkrat.py:login popup handled
2021-08-07 23:53:25,706:INFO:flipkrat.py:Search begins for samsung
2021-08-07 23:53:37,543:INFO:flipkrat.py:data saved in scrapper file
2021-08-07 23:56:12,701:INFO:flipkrat.py:Url hitted
2021-08-07 23:56:12,774:INFO:flipkrat.py:login popup handled
2021-08-07 23:56:12,862:INFO:flipkrat.py:Search begins for samsung
2021-08-07 23:56:28,686:INFO:flipkrat.py:data saved in scrapper file
2021-08-07 23:57:11,814:INFO:flipkrat.py:Thread run completed
2021-08-08 00:26:22,240:INFO:flipkrat.py:Url hitted
2021-08-08 00:26:22,298:INFO:flipkrat.py:login popup handled
2021-08-08 00:26:22,400:INFO:flipkrat.py:Search begins for samsung
2021-08-08 00:26:34,606:INFO:flipkrat.py:data saved in scrapper file
2021-08-08 00:27:18,972:INFO:flipkrat.py:Thread run completed
2021-08-08 00:33:13,968:INFO:flipkrat.py:Url hitted
2021-08-08 00:33:14,029:INFO:flipkrat.py:login popup handled
2021-08-08 00:33:14,219:INFO:flipkrat.py:Search begins for samsung
2021-08-08 00:33:27,126:INFO:flipkrat.py:data saved in scrapper file
2021-08-08 00:34:08,551:INFO:flipkrat.py:Thread run completed
2021-08-08 00:37:25,407:INFO:flipkrat.py:Url hitted
2021-08-08 00:37:29,327:INFO:flipkrat.py:login popup handled
2021-08-08 00:37:32,840:INFO:flipkrat.py:Search begins for samsung
2021-08-08 00:38:34,828:INFO:flipkrat.py:data saved in scrapper file
2021-08-08 00:39:22,571:INFO:flipkrat.py:Thread run completed
2021-08-08 00:46:05,448:INFO:flipkrat.py:Url hitted
2021-08-08 00:46:08,284:INFO:flipkrat.py:login popup handled
2021-08-08 00:46:10,064:INFO:flipkrat.py:Search begins for samsung
2021-08-08 00:46:44,747:INFO:flipkrat.py:data saved in scrapper file
2021-08-08 00:47:31,791:INFO:flipkrat.py:Thread run completed
2021-08-08 00:53:10,917:INFO:flipkrat.py:Url hitted
2021-08-08 00:53:11,572:INFO:flipkrat.py:login popup handled
2021-08-08 00:53:12,432:INFO:flipkrat.py:Search begins for samsung
2021-08-08 00:53:36,990:INFO:flipkrat.py:data saved in scrapper file
2021-08-08 00:54:17,272:INFO:flipkrat.py:Thread run completed
2021-08-08 01:12:22,452:INFO:flipkrat.py:Url hitted
2021-08-08 01:12:22,510:INFO:flipkrat.py:login popup handled
2021-08-08 01:12:22,601:INFO:flipkrat.py:Search begins for samsung
2021-08-08 01:12:34,293:INFO:flipkrat.py:data saved in scrapper file
2021-08-08 01:13:15,197:INFO:flipkrat.py:Thread run completed
2021-08-08 01:22:38,611:INFO:flipkrat.py:Url hitted
2021-08-08 01:22:38,669:INFO:flipkrat.py:login popup handled
2021-08-08 01:22:38,767:INFO:flipkrat.py:Search begins for samsung
2021-08-08 01:22:50,345:INFO:flipkrat.py:data saved in scrapper file
2021-08-08 01:23:31,488:INFO:flipkrat.py:Thread run completed
2021-08-08 01:31:58,816:INFO:flipkrat.py:Url hitted
2021-08-08 01:31:58,887:INFO:flipkrat.py:login popup handled
2021-08-08 01:31:58,977:INFO:flipkrat.py:Search begins for samsung
2021-08-08 01:32:11,265:INFO:flipkrat.py:data saved in scrapper file
2021-08-08 01:32:55,260:INFO:flipkrat.py:Thread run completed
2021-08-08 01:40:58,025:INFO:flipkrat.py:Url hitted
2021-08-08 01:40:58,084:INFO:flipkrat.py:login popup handled
2021-08-08 01:40:58,260:INFO:flipkrat.py:Search begins for samsung
2021-08-08 01:41:12,579:INFO:flipkrat.py:data saved in scrapper file
2021-08-08 01:41:53,337:INFO:flipkrat.py:Thread run completed
2021-08-08 01:44:12,120:INFO:flipkrat.py:Url hitted
2021-08-08 01:44:13,922:INFO:flipkrat.py:login popup handled
2021-08-08 01:44:15,552:INFO:flipkrat.py:Search begins for samsung
2021-08-08 01:45:05,112:INFO:flipkrat.py:data saved in scrapper file
2021-08-08 01:45:50,664:INFO:flipkrat.py:Thread run completed
2021-08-08 01:50:58,905:INFO:flipkrat.py:Url hitted
2021-08-08 01:50:59,972:INFO:flipkrat.py:login popup handled
2021-08-08 01:51:01,379:INFO:flipkrat.py:Search begins for samsung
2021-08-08 01:51:26,843:INFO:flipkrat.py:data saved in scrapper file
2021-08-08 01:52:06,227:INFO:flipkrat.py:Thread run completed
2021-08-08 02:08:29,182:INFO:flipkrat.py:Url hitted
2021-08-08 02:08:29,922:INFO:flipkrat.py:login popup handled
2021-08-08 02:08:31,104:INFO:flipkrat.py:Search begins for samsung
2021-08-08 02:09:59,568:INFO:flipkrat.py:data saved in scrapper file
2021-08-08 02:10:41,257:INFO:flipkrat.py:Thread run completed
2021-08-08 02:29:51,122:INFO:flipkrat.py:Url hitted
2021-08-08 02:29:51,180:INFO:flipkrat.py:login popup handled
2021-08-08 02:29:51,372:INFO:flipkrat.py:Search begins for samsung
2021-08-08 02:30:05,821:INFO:flipkrat.py:data saved in scrapper file
2021-08-08 02:31:28,310:INFO:flipkrat.py:Thread run completed
2021-08-08 10:02:19,693:INFO:flipkrat.py:Url hitted
2021-08-08 10:02:19,808:INFO:flipkrat.py:login popup handled
2021-08-08 10:02:19,955:INFO:flipkrat.py:Search begins for samsung
2021-08-08 10:02:32,970:INFO:flipkrat.py:data saved in scrapper file
2021-08-08 10:03:12,817:INFO:flipkrat.py:Thread run completed
2021-08-08 10:06:08,785:INFO:flipkrat.py:Url hitted
2021-08-08 10:06:08,842:INFO:flipkrat.py:login popup handled
2021-08-08 10:06:09,053:INFO:flipkrat.py:Search begins for samsung
2021-08-08 10:06:20,929:INFO:flipkrat.py:data saved in scrapper file
2021-08-08 10:07:03,664:INFO:flipkrat.py:Thread run completed
2021-08-08 10:12:55,379:INFO:flipkrat.py:Url hitted
2021-08-08 10:12:56,699:INFO:flipkrat.py:login popup handled
2021-08-08 10:12:57,817:INFO:flipkrat.py:Search begins for samsung
2021-08-08 10:13:24,401:INFO:flipkrat.py:data saved in scrapper file
2021-08-08 10:14:11,177:INFO:flipkrat.py:Thread run completed
2021-08-08 10:19:04,642:INFO:flipkrat.py:Url hitted
2021-08-08 10:19:05,172:INFO:flipkrat.py:login popup handled
2021-08-08 10:19:06,396:INFO:flipkrat.py:Search begins for samsung
2021-08-08 10:20:25,473:INFO:flipkrat.py:data saved in scrapper file
2021-08-08 10:21:07,582:INFO:flipkrat.py:Thread run completed
2021-08-08 10:24:02,283:INFO:flipkrat.py:Url hitted
2021-08-08 10:24:02,339:INFO:flipkrat.py:login popup handled
2021-08-08 10:24:02,431:INFO:flipkrat.py:Search begins for samsung
2021-08-08 10:24:16,351:INFO:flipkrat.py:data saved in scrapper file
2021-08-08 10:25:21,134:INFO:flipkrat.py:Url hitted
2021-08-08 10:25:21,199:INFO:flipkrat.py:login popup handled
2021-08-08 10:25:21,384:INFO:flipkrat.py:Search begins for samsung
2021-08-08 10:25:36,696:INFO:flipkrat.py:data saved in scrapper file
2021-08-08 10:26:19,434:INFO:flipkrat.py:Thread run completed
2021-08-08 11:05:37,201:INFO:flipkrat.py:Url hitted
2021-08-08 11:05:37,259:INFO:flipkrat.py:login popup handled
2021-08-08 11:05:37,435:INFO:flipkrat.py:Search begins for samsung
2021-08-08 11:05:50,598:INFO:flipkrat.py:data saved in scrapper file
2021-08-08 11:06:33,570:INFO:flipkrat.py:Thread run completed
2021-08-08 11:08:02,670:INFO:flipkrat.py:Url hitted
2021-08-08 11:08:03,354:INFO:flipkrat.py:login popup handled
2021-08-08 11:08:03,865:INFO:flipkrat.py:Search begins for samsung
2021-08-08 11:08:53,935:INFO:flipkrat.py:data saved in scrapper file
2021-08-08 11:09:39,763:INFO:flipkrat.py:Thread run completed
2021-08-08 11:38:38,416:INFO:flipkrat.py:Url hitted
2021-08-08 11:38:38,928:INFO:flipkrat.py:login popup handled
2021-08-08 11:38:41,877:INFO:flipkrat.py:Search begins for samsung
2021-08-08 11:39:11,050:INFO:flipkrat.py:data saved in scrapper file
2021-08-08 11:39:53,239:INFO:flipkrat.py:Thread run completed
2021-08-08 11:46:46,926:INFO:flipkrat.py:Url hitted
2021-08-08 11:46:47,861:INFO:flipkrat.py:login popup handled
2021-08-08 11:46:49,500:INFO:flipkrat.py:Search begins for samsung
2021-08-08 11:47:20,556:INFO:flipkrat.py:data saved in scrapper file
2021-08-08 11:48:03,418:INFO:flipkrat.py:Thread run completed
2021-08-08 11:50:02,743:INFO:flipkrat.py:Url hitted
2021-08-08 11:50:03,689:INFO:flipkrat.py:login popup handled
2021-08-08 11:50:04,743:INFO:flipkrat.py:Search begins for samsung
2021-08-08 11:50:27,942:INFO:flipkrat.py:data saved in scrapper file
2021-08-08 11:51:10,846:INFO:flipkrat.py:Thread run completed
2021-08-08 12:31:26,396:INFO:flipkrat.py:Url hitted
2021-08-08 12:31:26,817:INFO:flipkrat.py:login popup handled
2021-08-08 12:31:27,190:INFO:flipkrat.py:Search begins for samsung
2021-08-08 12:31:44,401:INFO:flipkrat.py:data saved in scrapper file
2021-08-08 12:32:27,825:INFO:flipkrat.py:Thread run completed
2021-08-08 12:37:34,195:INFO:flipkrat.py:Url hitted
2021-08-08 12:37:34,706:INFO:flipkrat.py:login popup handled
2021-08-08 12:37:38,109:INFO:flipkrat.py:Search begins for samsung
2021-08-08 12:38:22,536:INFO:flipkrat.py:data saved in scrapper file
2021-08-08 12:39:07,582:INFO:flipkrat.py:Thread run completed
2021-08-08 12:42:52,059:INFO:flipkrat.py:Url hitted
2021-08-08 12:42:53,677:INFO:flipkrat.py:login popup handled
2021-08-08 12:42:54,482:INFO:flipkrat.py:Search begins for samsung
2021-08-08 12:43:19,871:INFO:flipkrat.py:data saved in scrapper file
2021-08-08 12:44:02,278:INFO:flipkrat.py:Thread run completed
2021-08-08 12:50:30,116:INFO:flipkrat.py:Url hitted
2021-08-08 12:50:31,390:INFO:flipkrat.py:login popup handled
2021-08-08 12:50:32,454:INFO:flipkrat.py:Search begins for samsung
2021-08-08 12:50:55,013:INFO:flipkrat.py:data saved in scrapper file
2021-08-08 12:51:38,039:INFO:flipkrat.py:Thread run completed
2021-08-08 13:27:54,779:INFO:flipkrat.py:Url hitted
2021-08-08 13:27:54,834:INFO:flipkrat.py:login popup handled
2021-08-08 13:27:54,924:INFO:flipkrat.py:Search begins for samsung
2021-08-08 13:28:09,720:INFO:flipkrat.py:data saved in scrapper file
2021-08-08 13:28:37,776:INFO:flipkrat.py:Thread run completed
2021-08-08 13:31:29,750:INFO:flipkrat.py:Url hitted
2021-08-08 13:31:29,805:INFO:flipkrat.py:login popup handled
2021-08-08 13:31:29,895:INFO:flipkrat.py:Search begins for samsung
2021-08-08 13:31:42,320:INFO:flipkrat.py:data saved in scrapper file
2021-08-08 13:32:23,388:INFO:flipkrat.py:Thread run completed
2021-08-08 13:45:14,106:INFO:flipkrat.py:Url hitted
2021-08-08 13:45:14,159:INFO:flipkrat.py:login popup handled
2021-08-08 13:45:14,256:INFO:flipkrat.py:Search begins for samsung
2021-08-08 13:45:26,156:INFO:flipkrat.py:data saved in scrapper file
2021-08-08 13:46:06,924:INFO:flipkrat.py:Thread run completed
2021-08-08 13:47:40,272:INFO:flipkrat.py:Url hitted
2021-08-08 13:47:41,468:INFO:flipkrat.py:login popup handled
2021-08-08 13:47:42,593:INFO:flipkrat.py:Search begins for samsung
2021-08-08 13:48:06,554:INFO:flipkrat.py:data saved in scrapper file
2021-08-08 13:48:51,432:INFO:flipkrat.py:Thread run completed
2021-08-08 13:53:38,293:INFO:flipkrat.py:Url hitted
2021-08-08 13:53:38,352:INFO:flipkrat.py:login popup handled
2021-08-08 13:53:38,443:INFO:flipkrat.py:Search begins for samsung
2021-08-08 13:53:50,281:INFO:flipkrat.py:data saved in scrapper file
2021-08-08 13:59:42,929:INFO:flipkrat.py:Url hitted
2021-08-08 13:59:42,985:INFO:flipkrat.py:login popup handled
2021-08-08 13:59:43,149:INFO:flipkrat.py:Search begins for samsung
2021-08-08 13:59:56,169:INFO:flipkrat.py:data saved in scrapper file
2021-08-08 14:00:40,282:INFO:flipkrat.py:Thread run completed
2021-08-08 14:01:07,962:INFO:flipkrat.py:Url hitted
2021-08-08 14:01:08,028:INFO:flipkrat.py:login popup handled
2021-08-08 14:01:08,180:INFO:flipkrat.py:Search begins for samsung
2021-08-08 14:01:19,938:INFO:flipkrat.py:data saved in scrapper file
2021-08-08 14:02:00,796:INFO:flipkrat.py:Thread run completed
2021-08-08 14:04:14,340:INFO:flipkrat.py:Url hitted
2021-08-08 14:04:15,041:INFO:flipkrat.py:login popup handled
2021-08-08 14:04:16,074:INFO:flipkrat.py:Search begins for samsung
2021-08-08 14:04:42,161:INFO:flipkrat.py:data saved in scrapper file
2021-08-08 14:05:28,148:INFO:flipkrat.py:Thread run completed
2021-08-08 14:11:18,775:INFO:flipkrat.py:Url hitted
2021-08-08 14:11:18,833:INFO:flipkrat.py:login popup handled
2021-08-08 14:11:18,997:INFO:flipkrat.py:Search begins for samsung
2021-08-08 14:11:31,920:INFO:flipkrat.py:data saved in scrapper file
2021-08-08 14:12:23,789:INFO:flipkrat.py:Thread run completed
2021-08-08 14:15:20,924:INFO:flipkrat.py:Url hitted
2021-08-08 14:15:20,988:INFO:flipkrat.py:login popup handled
2021-08-08 14:15:21,073:INFO:flipkrat.py:Search begins for samsung
2021-08-08 14:15:33,632:INFO:flipkrat.py:data saved in scrapper file
2021-08-08 14:16:22,666:INFO:flipkrat.py:Thread run completed
2021-08-08 14:18:41,830:INFO:flipkrat.py:Url hitted
2021-08-08 14:18:41,885:INFO:flipkrat.py:login popup handled
2021-08-08 14:18:41,986:INFO:flipkrat.py:Search begins for samsung
2021-08-08 14:18:56,625:INFO:flipkrat.py:data saved in scrapper file
2021-08-08 14:19:38,209:INFO:flipkrat.py:Thread run completed
2021-08-08 14:21:34,825:INFO:flipkrat.py:Url hitted
2021-08-08 14:21:34,883:INFO:flipkrat.py:login popup handled
2021-08-08 14:21:35,032:INFO:flipkrat.py:Search begins for samsung
2021-08-08 14:21:50,936:INFO:flipkrat.py:data saved in scrapper file
2021-08-08 14:22:35,263:INFO:flipkrat.py:Thread run completed
2021-08-08 14:25:11,106:INFO:flipkrat.py:Url hitted
2021-08-08 14:25:11,158:INFO:flipkrat.py:login popup handled
2021-08-08 14:25:11,255:INFO:flipkrat.py:Search begins for samsung
2021-08-08 14:25:24,262:INFO:flipkrat.py:data saved in scrapper file
2021-08-08 14:26:11,525:INFO:flipkrat.py:Thread run completed
2021-08-08 14:27:05,929:INFO:flipkrat.py:Url hitted
2021-08-08 14:27:05,972:INFO:flipkrat.py:login popup handled
2021-08-08 14:27:06,058:INFO:flipkrat.py:Search begins for samsung
2021-08-08 14:27:17,483:INFO:flipkrat.py:data saved in scrapper file
2021-08-08 14:28:01,445:INFO:flipkrat.py:Thread run completed
2021-08-08 14:30:55,466:INFO:flipkrat.py:Url hitted
2021-08-08 14:30:55,528:INFO:flipkrat.py:login popup handled
2021-08-08 14:30:55,635:INFO:flipkrat.py:Search begins for samsung
2021-08-08 14:31:07,219:INFO:flipkrat.py:data saved in scrapper file
2021-08-08 14:31:54,924:INFO:flipkrat.py:Thread run completed
2021-08-08 14:38:12,052:INFO:flipkrat.py:Url hitted
2021-08-08 14:38:12,163:INFO:flipkrat.py:login popup handled
2021-08-08 14:38:12,287:INFO:flipkrat.py:Search begins for samsung
2021-08-08 14:38:25,224:INFO:flipkrat.py:data saved in scrapper file
2021-08-08 14:39:06,800:INFO:flipkrat.py:Thread run completed
2021-08-08 14:41:01,476:INFO:flipkrat.py:Url hitted
2021-08-08 14:41:01,555:INFO:flipkrat.py:login popup handled
2021-08-08 14:41:01,638:INFO:flipkrat.py:Search begins for samsung
2021-08-08 14:41:13,190:INFO:flipkrat.py:data saved in scrapper file
2021-08-08 14:43:44,998:INFO:flipkrat.py:Thread run completed
2021-08-08 14:45:43,740:INFO:flipkrat.py:Url hitted
2021-08-08 14:45:43,810:INFO:flipkrat.py:login popup handled
2021-08-08 14:45:43,893:INFO:flipkrat.py:Search begins for samsung
2021-08-08 14:45:59,314:INFO:flipkrat.py:data saved in scrapper file
2021-08-08 14:50:49,613:INFO:flipkrat.py:Thread run completed
2021-08-08 14:52:01,530:INFO:flipkrat.py:Url hitted
2021-08-08 14:52:01,586:INFO:flipkrat.py:login popup handled
2021-08-08 14:52:01,686:INFO:flipkrat.py:Search begins for Iphone-7
2021-08-08 14:52:14,540:INFO:flipkrat.py:data saved in scrapper file
2021-08-08 15:15:19,889:INFO:flipkrat.py:Thread run completed
2021-08-08 15:21:48,026:INFO:flipkrat.py:Url hitted
2021-08-08 15:21:48,084:INFO:flipkrat.py:login popup handled
2021-08-08 15:21:48,183:INFO:flipkrat.py:Search begins for Iphone-7
2021-08-08 15:21:59,913:INFO:flipkrat.py:data saved in scrapper file
2021-08-08 15:27:01,188:INFO:flipkrat.py:Thread run completed
2021-08-08 16:22:41,328:INFO:flipkrat.py:Url hitted
2021-08-08 16:22:41,387:INFO:flipkrat.py:login popup handled
2021-08-08 16:22:41,526:INFO:flipkrat.py:Search begins for samsung
2021-08-08 16:22:53,174:INFO:flipkrat.py:data saved in scrapper file
2021-08-08 16:23:30,527:INFO:flipkrat.py:Thread run completed
2021-08-08 16:32:36,322:INFO:flipkrat.py:Url hitted
2021-08-08 16:32:36,405:INFO:flipkrat.py:login popup handled
2021-08-08 16:32:36,489:INFO:flipkrat.py:Search begins for Iphone-7
2021-08-08 16:37:56,020:INFO:flipkrat.py:Url hitted
2021-08-08 16:37:56,077:INFO:flipkrat.py:login popup handled
2021-08-08 16:37:56,178:INFO:flipkrat.py:Search begins for Iphone-7
2021-08-08 16:38:08,032:INFO:flipkrat.py:data saved in scrapper file
2021-08-08 16:38:58,219:INFO:flipkrat.py:Thread run completed
2021-08-08 16:44:42,017:INFO:flipkrat.py:Url hitted
2021-08-08 16:44:42,078:INFO:flipkrat.py:login popup handled
2021-08-08 16:44:42,170:INFO:flipkrat.py:Search begins for Iphone-7
2021-08-08 16:44:54,726:INFO:flipkrat.py:data saved in scrapper file
2021-08-08 16:45:45,678:INFO:flipkrat.py:Thread run completed
2021-08-08 16:52:24,035:INFO:flipkrat.py:Url hitted
2021-08-08 16:52:24,092:INFO:flipkrat.py:login popup handled
2021-08-08 16:52:24,283:INFO:flipkrat.py:Search begins for Iphone-7
2021-08-08 16:52:39,001:INFO:flipkrat.py:data saved in scrapper file
2021-08-08 16:53:29,935:INFO:flipkrat.py:Thread run completed
2021-08-08 17:05:09,401:INFO:flipkrat.py:Url hitted
2021-08-08 17:05:11,403:INFO:flipkrat.py:login popup handled
2021-08-08 17:05:14,151:INFO:flipkrat.py:Search begins for samsung
2021-08-08 17:05:43,580:INFO:flipkrat.py:data saved in scrapper file
2021-08-08 17:06:14,762:INFO:flipkrat.py:Thread run completed
2021-08-08 17:09:44,644:INFO:flipkrat.py:Url hitted
2021-08-08 17:09:46,214:INFO:flipkrat.py:login popup handled
2021-08-08 17:09:53,052:INFO:flipkrat.py:Search begins for Iphone-7
2021-08-08 17:11:48,558:INFO:flipkrat.py:data saved in scrapper file
2021-08-08 17:12:20,094:INFO:flipkrat.py:Thread run completed
2021-08-08 17:18:31,465:INFO:flipkrat.py:Url hitted
2021-08-08 17:18:31,529:INFO:flipkrat.py:login popup handled
2021-08-08 17:18:31,622:INFO:flipkrat.py:Search begins for samsung
2021-08-08 17:18:47,374:INFO:flipkrat.py:data saved in scrapper file
2021-08-08 17:19:19,219:INFO:flipkrat.py:Thread run completed
2021-08-08 17:25:22,446:INFO:flipkrat.py:Url hitted
2021-08-08 17:25:22,510:INFO:flipkrat.py:login popup handled
2021-08-08 17:25:22,609:INFO:flipkrat.py:Search begins for samsung
2021-08-08 17:25:34,181:INFO:flipkrat.py:data saved in scrapper file
2021-08-08 17:26:27,489:INFO:flipkrat.py:Thread run completed
2021-08-08 17:32:51,190:INFO:flipkrat.py:Url hitted
2021-08-08 17:32:51,303:INFO:flipkrat.py:login popup handled
2021-08-08 17:32:51,416:INFO:flipkrat.py:Search begins for samsung
2021-08-08 17:33:07,134:INFO:flipkrat.py:data saved in scrapper file
2021-08-08 17:33:43,566:INFO:flipkrat.py:Thread run completed
2021-08-08 17:40:59,232:INFO:flipkrat.py:Url hitted
2021-08-08 17:40:59,318:INFO:flipkrat.py:login popup handled
2021-08-08 17:40:59,406:INFO:flipkrat.py:Search begins for samsung
2021-08-08 17:41:15,458:INFO:flipkrat.py:data saved in scrapper file
2021-08-08 17:41:50,493:INFO:flipkrat.py:Thread run completed
2021-08-08 17:47:03,979:INFO:flipkrat.py:Url hitted
2021-08-08 17:47:04,045:INFO:flipkrat.py:login popup handled
2021-08-08 17:47:04,236:INFO:flipkrat.py:Search begins for samsung
2021-08-08 17:47:18,824:INFO:flipkrat.py:data saved in scrapper file
2021-08-08 17:47:55,795:INFO:flipkrat.py:Thread run completed
2021-08-08 18:14:27,089:INFO:flipkrat.py:Url hitted
2021-08-08 18:14:27,142:INFO:flipkrat.py:login popup handled
2021-08-08 18:14:27,241:INFO:flipkrat.py:Search begins for samsung
2021-08-08 18:14:40,319:INFO:flipkrat.py:data saved in scrapper file
2021-08-08 18:15:19,683:INFO:flipkrat.py:Thread run completed
2021-08-08 18:49:21,612:INFO:flipkrat.py:Url hitted
2021-08-08 18:49:21,663:INFO:flipkrat.py:login popup handled
2021-08-08 18:49:21,756:INFO:flipkrat.py:Search begins for samsung
2021-08-08 18:49:36,529:INFO:flipkrat.py:data saved in scrapper file
2021-08-08 18:52:10,567:INFO:flipkrat.py:Url hitted
2021-08-08 18:52:10,617:INFO:flipkrat.py:login popup handled
2021-08-08 18:52:10,710:INFO:flipkrat.py:Search begins for samsung
2021-08-08 18:52:23,578:INFO:flipkrat.py:data saved in scrapper file
2021-08-08 18:54:14,186:INFO:flipkrat.py:Url hitted
2021-08-08 18:54:14,247:INFO:flipkrat.py:login popup handled
2021-08-08 18:54:14,337:INFO:flipkrat.py:Search begins for samsung
2021-08-08 18:54:26,722:INFO:flipkrat.py:data saved in scrapper file
2021-08-08 18:56:19,515:INFO:flipkrat.py:Url hitted
2021-08-08 18:56:19,570:INFO:flipkrat.py:login popup handled
2021-08-08 18:56:19,660:INFO:flipkrat.py:Search begins for samsung
2021-08-08 18:56:34,140:INFO:flipkrat.py:data saved in scrapper file
2021-08-08 18:59:33,916:INFO:flipkrat.py:Url hitted
2021-08-08 18:59:33,968:INFO:flipkrat.py:login popup handled
2021-08-08 18:59:34,059:INFO:flipkrat.py:Search begins for samsung
2021-08-08 18:59:46,711:INFO:flipkrat.py:data saved in scrapper file
2021-08-08 19:00:39,916:INFO:flipkrat.py:Thread run completed
2021-08-08 19:06:22,913:INFO:flipkrat.py:Url hitted
2021-08-08 19:06:22,970:INFO:flipkrat.py:login popup handled
2021-08-08 19:06:23,056:INFO:flipkrat.py:Search begins for samsung
2021-08-08 19:06:38,851:INFO:flipkrat.py:data saved in scrapper file
2021-08-08 19:08:21,977:INFO:flipkrat.py:Url hitted
2021-08-08 19:08:22,037:INFO:flipkrat.py:login popup handled
2021-08-08 19:08:22,132:INFO:flipkrat.py:Search begins for samsung
2021-08-08 19:08:34,079:INFO:flipkrat.py:data saved in scrapper file
2021-08-08 19:09:20,715:INFO:flipkrat.py:Thread run completed
2021-08-08 19:18:56,998:INFO:flipkrat.py:Url hitted
2021-08-08 19:18:57,054:INFO:flipkrat.py:login popup handled
2021-08-08 19:18:57,221:INFO:flipkrat.py:Search begins for samsung
2021-08-08 19:19:11,529:INFO:flipkrat.py:data saved in scrapper file
2021-08-08 19:19:58,209:INFO:flipkrat.py:Thread run completed
2021-08-08 19:56:42,933:INFO:flipkrat.py:Url hitted
2021-08-08 19:56:42,990:INFO:flipkrat.py:login popup handled
2021-08-08 19:56:43,185:INFO:flipkrat.py:Search begins for samsung
2021-08-08 19:56:58,578:INFO:flipkrat.py:data saved in scrapper file
2021-08-08 19:57:44,589:INFO:flipkrat.py:Thread run completed
2021-08-08 20:16:44,073:INFO:flipkrat.py:Url hitted
2021-08-08 20:16:44,138:INFO:flipkrat.py:login popup handled
2021-08-08 20:16:44,260:INFO:flipkrat.py:Search begins for samsung
2021-08-08 20:16:55,964:INFO:flipkrat.py:data saved in scrapper file
2021-08-08 20:17:37,581:INFO:flipkrat.py:Thread run completed
2021-08-08 20:25:55,291:INFO:flipkrat.py:Url hitted
2021-08-08 20:25:55,333:INFO:flipkrat.py:login popup handled
2021-08-08 20:25:55,420:INFO:flipkrat.py:Search begins for samsung
2021-08-08 20:26:07,335:INFO:flipkrat.py:data saved in scrapper file
2021-08-08 20:26:47,145:INFO:flipkrat.py:Thread run completed
2021-08-08 20:31:40,657:INFO:flipkrat.py:Url hitted
2021-08-08 20:31:40,725:INFO:flipkrat.py:login popup handled
2021-08-08 20:31:40,927:INFO:flipkrat.py:Search begins for samsung
2021-08-08 20:31:52,414:INFO:flipkrat.py:data saved in scrapper file
2021-08-08 20:32:35,285:INFO:flipkrat.py:Thread run completed
2021-08-08 20:37:59,805:INFO:flipkrat.py:Url hitted
2021-08-08 20:37:59,862:INFO:flipkrat.py:login popup handled
2021-08-08 20:38:00,077:INFO:flipkrat.py:Search begins for samsung
2021-08-08 20:38:14,798:INFO:flipkrat.py:data saved in scrapper file
2021-08-08 20:38:53,791:INFO:flipkrat.py:Thread run completed
2021-08-08 20:41:57,148:INFO:flipkrat.py:Url hitted
2021-08-08 20:41:57,205:INFO:flipkrat.py:login popup handled
2021-08-08 20:41:57,395:INFO:flipkrat.py:Search begins for samsung
2021-08-08 20:42:09,299:INFO:flipkrat.py:data saved in scrapper file
2021-08-08 20:42:52,916:INFO:flipkrat.py:Thread run completed
2021-08-08 20:53:53,859:INFO:flipkrat.py:Url hitted
2021-08-08 20:53:53,915:INFO:flipkrat.py:login popup handled
2021-08-08 20:53:54,024:INFO:flipkrat.py:Search begins for samsung
2021-08-08 20:54:05,767:INFO:flipkrat.py:data saved in scrapper file
2021-08-08 20:54:50,344:INFO:flipkrat.py:Thread run completed
2021-08-08 20:56:16,184:INFO:flipkrat.py:Url hitted
2021-08-08 20:56:16,238:INFO:flipkrat.py:login popup handled
2021-08-08 20:56:16,332:INFO:flipkrat.py:Search begins for samsung
2021-08-08 20:56:30,773:INFO:flipkrat.py:data saved in scrapper file
2021-08-08 20:57:11,343:INFO:flipkrat.py:Thread run completed
2021-08-08 21:02:39,024:INFO:flipkrat.py:Url hitted
2021-08-08 21:02:39,133:INFO:flipkrat.py:login popup handled
2021-08-08 21:02:39,266:INFO:flipkrat.py:Search begins for samsung
2021-08-08 21:02:54,931:INFO:flipkrat.py:data saved in scrapper file
2021-08-08 21:03:37,219:INFO:flipkrat.py:Thread run completed
2021-08-08 22:53:01,868:INFO:flipkrat.py:Url hitted
2021-08-08 22:53:01,916:INFO:flipkrat.py:login popup handled
2021-08-08 22:53:02,003:INFO:flipkrat.py:Search begins for Iphone-7
2021-08-08 22:53:13,945:INFO:flipkrat.py:data saved in scrapper file
2021-08-08 22:56:52,365:INFO:flipkrat.py:Thread run completed
2021-08-08 23:00:54,525:INFO:flipkrat.py:Url hitted
2021-08-08 23:00:54,653:INFO:flipkrat.py:login popup handled
2021-08-08 23:00:54,768:INFO:flipkrat.py:Search begins for samsung
2021-08-08 23:01:06,536:INFO:flipkrat.py:data saved in scrapper file
2021-08-08 23:03:27,924:INFO:flipkrat.py:Thread run completed
2021-08-09 08:39:45,562:INFO:flipkrat.py:Url hitted
2021-08-09 08:39:45,620:INFO:flipkrat.py:login popup handled
2021-08-09 08:39:45,726:INFO:flipkrat.py:Search begins for samsung
2021-08-09 08:40:48,142:INFO:flipkrat.py:Url hitted
2021-08-09 08:40:48,202:INFO:flipkrat.py:login popup handled
2021-08-09 08:40:48,399:INFO:flipkrat.py:Search begins for samsung
2021-08-09 08:41:54,014:INFO:flipkrat.py:Url hitted
2021-08-09 08:41:54,069:INFO:flipkrat.py:login popup handled
2021-08-09 08:41:54,167:INFO:flipkrat.py:Search begins for samsung
2021-08-09 08:43:21,893:INFO:flipkrat.py:Url hitted
2021-08-09 08:43:21,954:INFO:flipkrat.py:login popup handled
2021-08-09 08:43:22,149:INFO:flipkrat.py:Search begins for samsung
2021-08-09 08:44:15,393:INFO:flipkrat.py:Url hitted
2021-08-09 08:44:15,506:INFO:flipkrat.py:login popup handled
2021-08-09 08:44:15,651:INFO:flipkrat.py:Search begins for samsung
2021-08-09 08:44:38,920:INFO:flipkrat.py:Data saved in scrapper file
2021-08-09 08:47:29,392:INFO:flipkrat.py:Url hitted
2021-08-09 08:47:29,450:INFO:flipkrat.py:login popup handled
2021-08-09 08:47:29,560:INFO:flipkrat.py:Search begins for samsung
2021-08-09 08:47:56,740:INFO:flipkrat.py:Data saved in scrapper file
2021-08-09 09:03:50,229:INFO:flipkrat.py:Url hitted
2021-08-09 09:03:50,286:INFO:flipkrat.py:login popup handled
2021-08-09 09:03:50,493:INFO:flipkrat.py:Search begins for samsung
2021-08-09 09:04:17,023:INFO:flipkrat.py:Data saved in scrapper file
2021-08-09 10:01:03,631:INFO:flipkrat.py:Url hitted
2021-08-09 10:01:03,687:INFO:flipkrat.py:login popup handled
2021-08-09 10:01:03,776:INFO:flipkrat.py:Search begins for Iphone-7
2021-08-09 10:01:28,160:INFO:flipkrat.py:Data saved in scrapper file
2021-08-09 10:06:45,205:INFO:flipkrat.py:Url hitted
2021-08-09 10:06:45,261:INFO:flipkrat.py:login popup handled
2021-08-09 10:06:45,356:INFO:flipkrat.py:Search begins for Iphone-7
2021-08-09 10:09:25,375:INFO:flipkrat.py:Url hitted
2021-08-09 10:09:25,437:INFO:flipkrat.py:login popup handled
2021-08-09 10:09:25,631:INFO:flipkrat.py:Search begins for Iphone-7
2021-08-09 10:11:40,881:INFO:flipkrat.py:Url hitted
2021-08-09 10:11:40,938:INFO:flipkrat.py:login popup handled
2021-08-09 10:11:41,130:INFO:flipkrat.py:Search begins for Iphone-7
2021-08-09 10:17:23,659:INFO:flipkrat.py:Url hitted
2021-08-09 10:17:23,723:INFO:flipkrat.py:login popup handled
2021-08-09 10:17:23,927:INFO:flipkrat.py:Search begins for Iphone-7
2021-08-09 10:20:25,394:INFO:flipkrat.py:Url hitted
2021-08-09 10:20:25,451:INFO:flipkrat.py:login popup handled
2021-08-09 10:20:25,600:INFO:flipkrat.py:Search begins for Iphone-7
2021-08-09 10:24:12,213:INFO:flipkrat.py:Url hitted
2021-08-09 10:24:13,821:INFO:flipkrat.py:login popup handled
2021-08-09 10:24:15,082:INFO:flipkrat.py:Search begins for Iphone-7
2021-08-09 10:28:06,251:INFO:flipkrat.py:Url hitted
2021-08-09 10:28:07,371:INFO:flipkrat.py:login popup handled
2021-08-09 10:28:08,509:INFO:flipkrat.py:Search begins for Iphone-7
2021-08-09 10:57:20,522:INFO:flipkrat.py:Url hitted
2021-08-09 10:57:21,541:INFO:flipkrat.py:login popup handled
2021-08-09 10:57:22,693:INFO:flipkrat.py:Search begins for samsung
2021-08-09 11:02:02,245:INFO:flipkrat.py:Url hitted
2021-08-09 11:02:03,313:INFO:flipkrat.py:login popup handled
2021-08-09 11:02:04,340:INFO:flipkrat.py:Search begins for Iphone-7
2021-08-09 11:07:25,010:INFO:flipkrat.py:Url hitted
2021-08-09 11:07:25,065:INFO:flipkrat.py:login popup handled
2021-08-09 11:07:25,252:INFO:flipkrat.py:Search begins for Iphone-7
2021-08-09 11:10:44,225:INFO:flipkrat.py:Url hitted
2021-08-09 11:10:45,421:INFO:flipkrat.py:login popup handled
2021-08-09 11:10:46,374:INFO:flipkrat.py:Search begins for Iphone-7
2021-08-09 11:13:50,778:INFO:flipkrat.py:data saved in scrapper file
2021-08-09 11:14:37,392:INFO:flipkrat.py:Thread run completed
2021-08-09 11:21:04,099:INFO:flipkrat.py:Url hitted
2021-08-09 11:21:04,157:INFO:flipkrat.py:login popup handled
2021-08-09 11:21:04,354:INFO:flipkrat.py:Search begins for Iphone-7
2021-08-09 11:21:31,701:INFO:flipkrat.py:data saved in scrapper file
2021-08-09 11:22:28,101:INFO:flipkrat.py:Thread run completed
2021-08-09 11:23:08,869:INFO:flipkrat.py:Url hitted
2021-08-09 11:23:08,924:INFO:flipkrat.py:login popup handled
2021-08-09 11:23:09,024:INFO:flipkrat.py:Search begins for Iphone-7
2021-08-09 11:23:34,173:INFO:flipkrat.py:data saved in scrapper file
2021-08-09 11:24:23,023:INFO:flipkrat.py:Thread run completed
2021-08-10 20:22:58,731:INFO:flipkrat.py:Url hitted
2021-08-10 20:22:58,777:INFO:flipkrat.py:login popup handled
2021-08-10 20:22:58,863:INFO:flipkrat.py:Search begins for samsung
2021-08-10 20:23:25,558:INFO:flipkrat.py:data saved in scrapper file
2021-08-10 20:24:12,801:INFO:flipkrat.py:Thread run completed
2021-08-10 20:25:42,548:INFO:flipkrat.py:Url hitted
2021-08-10 20:25:42,601:INFO:flipkrat.py:login popup handled
2021-08-10 20:25:42,699:INFO:flipkrat.py:Search begins for samsung
2021-08-10 20:26:08,383:INFO:flipkrat.py:data saved in scrapper file
2021-08-10 20:26:49,302:INFO:flipkrat.py:Thread run completed
2021-08-10 20:27:39,315:INFO:flipkrat.py:Url hitted
2021-08-10 20:27:39,371:INFO:flipkrat.py:login popup handled
2021-08-10 20:27:39,464:INFO:flipkrat.py:Search begins for iphone6
2021-08-10 20:28:03,410:INFO:flipkrat.py:data saved in scrapper file
2021-08-10 20:28:47,144:INFO:flipkrat.py:Thread run completed
2021-08-10 21:57:05,545:INFO:flipkrat.py:Url hitted
2021-08-10 21:57:05,594:INFO:flipkrat.py:login popup handled
2021-08-10 21:57:05,704:INFO:flipkrat.py:Search begins for samsung
2021-08-10 21:57:31,184:INFO:flipkrat.py:data saved in scrapper file
2021-08-10 21:58:13,805:INFO:flipkrat.py:Thread run completed
2021-08-10 22:00:09,731:INFO:flipkrat.py:Url hitted
2021-08-10 22:00:09,783:INFO:flipkrat.py:login popup handled
2021-08-10 22:00:09,880:INFO:flipkrat.py:Search begins for samsung
2021-08-10 22:00:32,655:INFO:flipkrat.py:data saved in scrapper file
2021-08-10 22:01:17,651:INFO:flipkrat.py:Thread run completed
2021-08-10 22:45:41,404:INFO:flipkrat.py:Url hitted
2021-08-10 22:45:41,453:INFO:flipkrat.py:login popup handled
2021-08-10 22:45:41,555:INFO:flipkrat.py:Search begins for samsung
2021-08-10 22:46:05,310:INFO:flipkrat.py:data saved in scrapper file
2021-08-10 22:46:47,529:INFO:flipkrat.py:Thread run completed
2021-08-10 22:48:35,537:INFO:flipkrat.py:Url hitted
2021-08-10 22:48:35,597:INFO:flipkrat.py:login popup handled
2021-08-10 22:48:35,700:INFO:flipkrat.py:Search begins for samsung
2021-08-10 22:49:02,173:INFO:flipkrat.py:data saved in scrapper file
2021-08-10 22:49:43,954:INFO:flipkrat.py:Thread run completed
2021-08-12 19:35:52,450:INFO:flipkrat.py:Url hitted
2021-08-12 19:35:52,503:INFO:flipkrat.py:login popup handled
2021-08-12 19:35:52,612:INFO:flipkrat.py:Search begins for samsung
2021-08-12 19:36:15,251:INFO:flipkrat.py:data saved in scrapper file
2021-08-12 19:36:53,715:INFO:flipkrat.py:Thread run completed
